[Architectury Transformer] Architectury Runtime 5.2.91
[Architectury Transformer DEBUG] Closed File Systems for /home/mcaraballo/Desktop/dev/projects/kindlingage/kindlingage-1.21.1/common/build/devlibs/kindlingage-common-1.0.0-dev.jar
[Architectury Transformer DEBUG] Preparing tiny remapper prepared transformer: dev.architectury.transformer.handler.TinyRemapperPreparedTransformerHandler
[Architectury Transformer DEBUG] Provided 110 classpath jar(s):
[Architectury Transformer DEBUG]  - /home/mcaraballo/.gradle/caches/modules-2/files-2.1/dev.architectury/architectury-injectables/1.0.10/62db2a366d662606d1b23ad02ccc3212ed37ec3/architectury-injectables-1.0.10.jar
[Architectury Transformer DEBUG]  - /home/mcaraballo/.gradle/caches/modules-2/files-2.1/net.fabricmc/fabric-loader/0.19.0/2f3928506f8881d9e3278c1787ee205e90b20949/fabric-loader-0.19.0.jar
[Architectury Transformer DEBUG]  - /home/mcaraballo/.gradle/caches/modules-2/files-2.1/org.jetbrains/annotations/26.0.2/c7ce3cdeda3d18909368dfe5977332dfad326c6d/annotations-26.0.2.jar
[Architectury Transformer DEBUG]  - /home/mcaraballo/.gradle/caches/modules-2/files-2.1/org.ow2.asm/asm/9.9/c29635c8a7afa03d74b33c1884df8abb2b3f3dcc/asm-9.9.jar
[Architectury Transformer DEBUG]  - /home/mcaraballo/.gradle/caches/modules-2/files-2.1/org.ow2.asm/asm-analysis/9.9/bf4fa6e66638851c1cd22c2caea0c3ee5d5f437/asm-analysis-9.9.jar
[Architectury Transformer DEBUG]  - /home/mcaraballo/.gradle/caches/modules-2/files-2.1/org.ow2.asm/asm-commons/9.9/db9165a3bf908ded6b08612d583a15d1d0c7bda0/asm-commons-9.9.jar
[Architectury Transformer DEBUG]  - /home/mcaraballo/.gradle/caches/modules-2/files-2.1/org.ow2.asm/asm-tree/9.9/f8de6eead6d24dd0f45bd065bbe112b2cda6ea21/asm-tree-9.9.jar
[Architectury Transformer DEBUG]  - /home/mcaraballo/.gradle/caches/modules-2/files-2.1/org.ow2.asm/asm-util/9.9/42fdfc0508b43807c8078d6e82ecff2ce2112ae8/asm-util-9.9.jar
[Architectury Transformer DEBUG]  - /home/mcaraballo/.gradle/caches/modules-2/files-2.1/net.fabricmc/sponge-mixin/0.17.1+mixin.0.8.7/1cca8837fa31d8cfbde11a391f108f2bda30bca4/sponge-mixin-0.17.1+mixin.0.8.7.jar
[Architectury Transformer DEBUG]  - /home/mcaraballo/.gradle/caches/modules-2/files-2.1/io.github.llamalad7/mixinextras-fabric/0.5.3/8ee5af001acbc9f7970e383bdf0944d063c80f63/mixinextras-fabric-0.5.3.jar
[Architectury Transformer DEBUG]  - /home/mcaraballo/.gradle/caches/modules-2/files-2.1/com.github.oshi/oshi-core/6.4.10/b1d8ab82d11d92fd639b56d639f8f46f739dd5fa/oshi-core-6.4.10.jar
[Architectury Transformer DEBUG]  - /home/mcaraballo/.gradle/caches/modules-2/files-2.1/com.google.code.gson/gson/2.10.1/b3add478d4382b78ea20b1671390a858002feb6c/gson-2.10.1.jar
[Architectury Transformer DEBUG]  - /home/mcaraballo/.gradle/caches/modules-2/files-2.1/com.google.guava/failureaccess/1.0.1/1dcf1de382a0bf95a3d8b0849546c88bac1292c9/failureaccess-1.0.1.jar
[Architectury Transformer DEBUG]  - /home/mcaraballo/.gradle/caches/modules-2/files-2.1/com.google.guava/guava/32.1.2-jre/5e64ec7e056456bef3a4bc4c6fdaef71e8ab6318/guava-32.1.2-jre.jar
[Architectury Transformer DEBUG]  - /home/mcaraballo/.gradle/caches/modules-2/files-2.1/com.ibm.icu/icu4j/73.2/61ad4ef7f9131fcf6d25c34b817f90d6da06c9e9/icu4j-73.2.jar
[Architectury Transformer DEBUG]  - /home/mcaraballo/.gradle/caches/modules-2/files-2.1/com.mojang/authlib/6.0.54/de8bc95660e1b2fe8793fd427a7a10dcec5b3ea7/authlib-6.0.54.jar
[Architectury Transformer DEBUG]  - /home/mcaraballo/.gradle/caches/modules-2/files-2.1/com.mojang/blocklist/1.0.10/5c685c5ffa94c4cd39496c7184c1d122e515ecef/blocklist-1.0.10.jar
[Architectury Transformer DEBUG]  - /home/mcaraballo/.gradle/caches/modules-2/files-2.1/com.mojang/brigadier/1.3.10/d15b53a14cf20fdcaa98f731af5dda654452c010/brigadier-1.3.10.jar
[Architectury Transformer DEBUG]  - /home/mcaraballo/.gradle/caches/modules-2/files-2.1/com.mojang/datafixerupper/8.0.16/67d4de6d7f95d89bcf5862995fb854ebaec02a34/datafixerupper-8.0.16.jar
[Architectury Transformer DEBUG]  - /home/mcaraballo/.gradle/caches/modules-2/files-2.1/com.mojang/logging/1.2.7/24cb95ffb0e3433fd6e844c04e68009e504ca1c0/logging-1.2.7.jar
[Architectury Transformer DEBUG]  - /home/mcaraballo/.gradle/caches/modules-2/files-2.1/com.mojang/patchy/2.2.10/da05971b07cbb379d002cf7eaec6a2048211fefc/patchy-2.2.10.jar
[Architectury Transformer DEBUG]  - /home/mcaraballo/.gradle/caches/modules-2/files-2.1/com.mojang/text2speech/1.17.9/3cad216e3a7f0c19b4b394388bc9ffc446f13b14/text2speech-1.17.9.jar
[Architectury Transformer DEBUG]  - /home/mcaraballo/.gradle/caches/modules-2/files-2.1/commons-codec/commons-codec/1.16.0/4e3eb3d79888d76b54e28b350915b5dc3919c9de/commons-codec-1.16.0.jar
[Architectury Transformer DEBUG]  - /home/mcaraballo/.gradle/caches/modules-2/files-2.1/commons-io/commons-io/2.15.1/f11560da189ab563a5c8e351941415430e9304ea/commons-io-2.15.1.jar
[Architectury Transformer DEBUG]  - /home/mcaraballo/.gradle/caches/modules-2/files-2.1/commons-logging/commons-logging/1.2/4bfc12adfe4842bf07b657f0369c4cb522955686/commons-logging-1.2.jar
[Architectury Transformer DEBUG]  - /home/mcaraballo/.gradle/caches/modules-2/files-2.1/io.netty/netty-buffer/4.1.97.Final/f8f3d8644afa5e6e1a40a3a6aeb9d9aa970ecb4f/netty-buffer-4.1.97.Final.jar
[Architectury Transformer DEBUG]  - /home/mcaraballo/.gradle/caches/modules-2/files-2.1/io.netty/netty-codec/4.1.97.Final/384ba4d75670befbedb45c4d3b497a93639c206d/netty-codec-4.1.97.Final.jar
[Architectury Transformer DEBUG]  - /home/mcaraballo/.gradle/caches/modules-2/files-2.1/io.netty/netty-common/4.1.97.Final/7cceacaf11df8dc63f23d0fb58e9d4640fc88404/netty-common-4.1.97.Final.jar
[Architectury Transformer DEBUG]  - /home/mcaraballo/.gradle/caches/modules-2/files-2.1/io.netty/netty-handler/4.1.97.Final/abb86c6906bf512bf2b797a41cd7d2e8d3cd7c36/netty-handler-4.1.97.Final.jar
[Architectury Transformer DEBUG]  - /home/mcaraballo/.gradle/caches/modules-2/files-2.1/io.netty/netty-resolver/4.1.97.Final/cec8348108dc76c47cf87c669d514be52c922144/netty-resolver-4.1.97.Final.jar
[Architectury Transformer DEBUG]  - /home/mcaraballo/.gradle/caches/modules-2/files-2.1/io.netty/netty-transport-classes-epoll/4.1.97.Final/795da37ded759e862457a82d9d92c4d39ce8ecee/netty-transport-classes-epoll-4.1.97.Final.jar
[Architectury Transformer DEBUG]  - /home/mcaraballo/.gradle/caches/modules-2/files-2.1/io.netty/netty-transport-native-epoll/4.1.97.Final/5514744c588190ffda076b35a9b8c9f24946a960/netty-transport-native-epoll-4.1.97.Final-linux-aarch_64.jar
[Architectury Transformer DEBUG]  - /home/mcaraballo/.gradle/caches/modules-2/files-2.1/io.netty/netty-transport-native-epoll/4.1.97.Final/54188f271e388e7f313aea995e82f58ce2cdb809/netty-transport-native-epoll-4.1.97.Final-linux-x86_64.jar
[Architectury Transformer DEBUG]  - /home/mcaraballo/.gradle/caches/modules-2/files-2.1/io.netty/netty-transport-native-unix-common/4.1.97.Final/d469d84265ab70095b01b40886cabdd433b6e664/netty-transport-native-unix-common-4.1.97.Final.jar
[Architectury Transformer DEBUG]  - /home/mcaraballo/.gradle/caches/modules-2/files-2.1/io.netty/netty-transport/4.1.97.Final/f37380d23c9bb079bc702910833b2fd532c9abd0/netty-transport-4.1.97.Final.jar
[Architectury Transformer DEBUG]  - /home/mcaraballo/.gradle/caches/modules-2/files-2.1/it.unimi.dsi/fastutil/8.5.12/c24946d46824bd528054bface3231d2ecb7e95e8/fastutil-8.5.12.jar
[Architectury Transformer DEBUG]  - /home/mcaraballo/.gradle/caches/modules-2/files-2.1/net.java.dev.jna/jna-platform/5.14.0/28934d48aed814f11e4c584da55c49fa7032b31b/jna-platform-5.14.0.jar
[Architectury Transformer DEBUG]  - /home/mcaraballo/.gradle/caches/modules-2/files-2.1/net.java.dev.jna/jna/5.14.0/67bf3eaea4f0718cb376a181a629e5f88fa1c9dd/jna-5.14.0.jar
[Architectury Transformer DEBUG]  - /home/mcaraballo/.gradle/caches/modules-2/files-2.1/net.sf.jopt-simple/jopt-simple/5.0.4/4fdac2fbe92dfad86aa6e9301736f6b4342a3f5c/jopt-simple-5.0.4.jar
[Architectury Transformer DEBUG]  - /home/mcaraballo/.gradle/caches/modules-2/files-2.1/org.apache.commons/commons-compress/1.26.0/659feffdd12280201c8aacb8f7be94f9a883c824/commons-compress-1.26.0.jar
[Architectury Transformer DEBUG]  - /home/mcaraballo/.gradle/caches/modules-2/files-2.1/org.apache.commons/commons-lang3/3.14.0/1ed471194b02f2c6cb734a0cd6f6f107c673afae/commons-lang3-3.14.0.jar
[Architectury Transformer DEBUG]  - /home/mcaraballo/.gradle/caches/modules-2/files-2.1/org.apache.httpcomponents/httpclient/4.5.13/e5f6cae5ca7ecaac1ec2827a9e2d65ae2869cada/httpclient-4.5.13.jar
[Architectury Transformer DEBUG]  - /home/mcaraballo/.gradle/caches/modules-2/files-2.1/org.apache.httpcomponents/httpcore/4.4.16/51cf043c87253c9f58b539c9f7e44c8894223850/httpcore-4.4.16.jar
[Architectury Transformer DEBUG]  - /home/mcaraballo/.gradle/caches/modules-2/files-2.1/org.apache.logging.log4j/log4j-api/2.22.1/bea6fede6328fabafd7e68363161a7ea6605abd1/log4j-api-2.22.1.jar
[Architectury Transformer DEBUG]  - /home/mcaraballo/.gradle/caches/modules-2/files-2.1/org.apache.logging.log4j/log4j-core/2.22.1/7183a25510a02ad00cc6a95d3b3d2a7d3c5a8dc4/log4j-core-2.22.1.jar
[Architectury Transformer DEBUG]  - /home/mcaraballo/.gradle/caches/modules-2/files-2.1/org.apache.logging.log4j/log4j-slf4j2-impl/2.22.1/d7e6693c2606cb7e7335047d7bb96dec52db5665/log4j-slf4j2-impl-2.22.1.jar
[Architectury Transformer DEBUG]  - /home/mcaraballo/.gradle/caches/modules-2/files-2.1/org.jcraft/jorbis/0.0.17/8872d22b293e8f5d7d56ff92be966e6dc28ebdc6/jorbis-0.0.17.jar
[Architectury Transformer DEBUG]  - /home/mcaraballo/.gradle/caches/modules-2/files-2.1/org.joml/joml/1.10.5/22566d58af70ad3d72308bab63b8339906deb649/joml-1.10.5.jar
[Architectury Transformer DEBUG]  - /home/mcaraballo/.gradle/caches/modules-2/files-2.1/org.lwjgl/lwjgl-freetype/3.3.3/a0db6c84a8becc8ca05f9dbfa985edc348a824c7/lwjgl-freetype-3.3.3.jar
[Architectury Transformer DEBUG]  - /home/mcaraballo/.gradle/caches/modules-2/files-2.1/org.lwjgl/lwjgl-glfw/3.3.3/efa1eb78c5ccd840e9f329717109b5e892d72f8e/lwjgl-glfw-3.3.3.jar
[Architectury Transformer DEBUG]  - /home/mcaraballo/.gradle/caches/modules-2/files-2.1/org.lwjgl/lwjgl-jemalloc/3.3.3/b543467b7ff3c6920539a88ee602d34098628be5/lwjgl-jemalloc-3.3.3.jar
[Architectury Transformer DEBUG]  - /home/mcaraballo/.gradle/caches/modules-2/files-2.1/org.lwjgl/lwjgl-openal/3.3.3/daada81ceb5fc0c291fbfdd4433cb8d9423577f2/lwjgl-openal-3.3.3.jar
[Architectury Transformer DEBUG]  - /home/mcaraballo/.gradle/caches/modules-2/files-2.1/org.lwjgl/lwjgl-opengl/3.3.3/2f6b0147078396a58979125a4c947664e98293a/lwjgl-opengl-3.3.3.jar
[Architectury Transformer DEBUG]  - /home/mcaraballo/.gradle/caches/modules-2/files-2.1/org.lwjgl/lwjgl-stb/3.3.3/25dd6161988d7e65f71d5065c99902402ee32746/lwjgl-stb-3.3.3.jar
[Architectury Transformer DEBUG]  - /home/mcaraballo/.gradle/caches/modules-2/files-2.1/org.lwjgl/lwjgl-tinyfd/3.3.3/82d755ca94b102e9ca77283b9e2dc46d1b15fbe5/lwjgl-tinyfd-3.3.3.jar
[Architectury Transformer DEBUG]  - /home/mcaraballo/.gradle/caches/modules-2/files-2.1/org.lwjgl/lwjgl/3.3.3/29589b5f87ed335a6c7e7ee6a5775f81f97ecb84/lwjgl-3.3.3.jar
[Architectury Transformer DEBUG]  - /home/mcaraballo/.gradle/caches/modules-2/files-2.1/org.lz4/lz4-java/1.8.0/4b986a99445e49ea5fbf5d149c4b63f6ed6c6780/lz4-java-1.8.0.jar
[Architectury Transformer DEBUG]  - /home/mcaraballo/.gradle/caches/modules-2/files-2.1/org.slf4j/slf4j-api/2.0.9/7cf2726fdcfbc8610f9a71fb3ed639871f315340/slf4j-api-2.0.9.jar
[Architectury Transformer DEBUG]  - /home/mcaraballo/Desktop/dev/projects/kindlingage/kindlingage-1.21.1/.gradle/loom-cache/minecraftMaven/net/minecraft/minecraft-merged-9a78f9be42/1.21.1-loom.mappings.1_21_1.layered+hash.40359-v2/minecraft-merged-9a78f9be42-1.21.1-loom.mappings.1_21_1.layered+hash.40359-v2.jar
[Architectury Transformer DEBUG]  - /home/mcaraballo/Desktop/dev/projects/kindlingage/kindlingage-1.21.1/.gradle/loom-cache/remapped_mods/remapped/net/fabricmc/fabric-api/fabric-api-b9d2d3ba/0.116.10+1.21.1/fabric-api-b9d2d3ba-0.116.10+1.21.1.jar
[Architectury Transformer DEBUG]  - /home/mcaraballo/Desktop/dev/projects/kindlingage/kindlingage-1.21.1/.gradle/loom-cache/remapped_mods/remapped/dev/architectury/architectury-fabric-b9d2d3ba/13.0.8/architectury-fabric-b9d2d3ba-13.0.8.jar
[Architectury Transformer DEBUG]  - /home/mcaraballo/Desktop/dev/projects/kindlingage/kindlingage-1.21.1/.gradle/loom-cache/remapped_mods/remapped/net/fabricmc/fabric-api/fabric-transfer-api-v1-b9d2d3ba/5.4.4+7b3d111d19/fabric-transfer-api-v1-b9d2d3ba-5.4.4+7b3d111d19.jar
[Architectury Transformer DEBUG]  - /home/mcaraballo/Desktop/dev/projects/kindlingage/kindlingage-1.21.1/.gradle/loom-cache/remapped_mods/remapped/net/fabricmc/fabric-api/fabric-api-lookup-api-v1-b9d2d3ba/1.6.72+7b3d111d19/fabric-api-lookup-api-v1-b9d2d3ba-1.6.72+7b3d111d19.jar
[Architectury Transformer DEBUG]  - /home/mcaraballo/Desktop/dev/projects/kindlingage/kindlingage-1.21.1/.gradle/loom-cache/remapped_mods/remapped/net/fabricmc/fabric-api/fabric-blockrenderlayer-v1-b9d2d3ba/1.1.52+0af3f5a719/fabric-blockrenderlayer-v1-b9d2d3ba-1.1.52+0af3f5a719.jar
[Architectury Transformer DEBUG]  - /home/mcaraballo/Desktop/dev/projects/kindlingage/kindlingage-1.21.1/.gradle/loom-cache/remapped_mods/remapped/net/fabricmc/fabric-api/fabric-client-tags-api-v1-b9d2d3ba/1.1.15+6573ed8c19/fabric-client-tags-api-v1-b9d2d3ba-1.1.15+6573ed8c19.jar
[Architectury Transformer DEBUG]  - /home/mcaraballo/Desktop/dev/projects/kindlingage/kindlingage-1.21.1/.gradle/loom-cache/remapped_mods/remapped/net/fabricmc/fabric-api/fabric-command-api-v1-b9d2d3ba/1.2.49+f71b366f19/fabric-command-api-v1-b9d2d3ba-1.2.49+f71b366f19.jar
[Architectury Transformer DEBUG]  - /home/mcaraballo/Desktop/dev/projects/kindlingage/kindlingage-1.21.1/.gradle/loom-cache/remapped_mods/remapped/net/fabricmc/fabric-api/fabric-commands-v0-b9d2d3ba/0.2.66+df3654b319/fabric-commands-v0-b9d2d3ba-0.2.66+df3654b319.jar
[Architectury Transformer DEBUG]  - /home/mcaraballo/Desktop/dev/projects/kindlingage/kindlingage-1.21.1/.gradle/loom-cache/remapped_mods/remapped/net/fabricmc/fabric-api/fabric-command-api-v2-b9d2d3ba/2.2.28+6ced4dd919/fabric-command-api-v2-b9d2d3ba-2.2.28+6ced4dd919.jar
[Architectury Transformer DEBUG]  - /home/mcaraballo/Desktop/dev/projects/kindlingage/kindlingage-1.21.1/.gradle/loom-cache/remapped_mods/remapped/net/fabricmc/fabric-api/fabric-content-registries-v0-b9d2d3ba/8.0.19+b559734419/fabric-content-registries-v0-b9d2d3ba-8.0.19+b559734419.jar
[Architectury Transformer DEBUG]  - /home/mcaraballo/Desktop/dev/projects/kindlingage/kindlingage-1.21.1/.gradle/loom-cache/remapped_mods/remapped/net/fabricmc/fabric-api/fabric-data-generation-api-v1-b9d2d3ba/20.2.36+37516cd619/fabric-data-generation-api-v1-b9d2d3ba-20.2.36+37516cd619.jar
[Architectury Transformer DEBUG]  - /home/mcaraballo/Desktop/dev/projects/kindlingage/kindlingage-1.21.1/.gradle/loom-cache/remapped_mods/remapped/net/fabricmc/fabric-api/fabric-convention-tags-v1-b9d2d3ba/2.1.7+7f945d5b19/fabric-convention-tags-v1-b9d2d3ba-2.1.7+7f945d5b19.jar
[Architectury Transformer DEBUG]  - /home/mcaraballo/Desktop/dev/projects/kindlingage/kindlingage-1.21.1/.gradle/loom-cache/remapped_mods/remapped/net/fabricmc/fabric-api/fabric-convention-tags-v2-b9d2d3ba/2.12.0+c3656daa19/fabric-convention-tags-v2-b9d2d3ba-2.12.0+c3656daa19.jar
[Architectury Transformer DEBUG]  - /home/mcaraballo/Desktop/dev/projects/kindlingage/kindlingage-1.21.1/.gradle/loom-cache/remapped_mods/remapped/net/fabricmc/fabric-api/fabric-data-attachment-api-v1-b9d2d3ba/1.4.6+5b36e0f719/fabric-data-attachment-api-v1-b9d2d3ba-1.4.6+5b36e0f719.jar
[Architectury Transformer DEBUG]  - /home/mcaraballo/Desktop/dev/projects/kindlingage/kindlingage-1.21.1/.gradle/loom-cache/remapped_mods/remapped/net/fabricmc/fabric-api/fabric-entity-events-v1-b9d2d3ba/1.8.0+2b27e0a419/fabric-entity-events-v1-b9d2d3ba-1.8.0+2b27e0a419.jar
[Architectury Transformer DEBUG]  - /home/mcaraballo/Desktop/dev/projects/kindlingage/kindlingage-1.21.1/.gradle/loom-cache/remapped_mods/remapped/net/fabricmc/fabric-api/fabric-events-interaction-v0-b9d2d3ba/0.7.13+ba9dae0619/fabric-events-interaction-v0-b9d2d3ba-0.7.13+ba9dae0619.jar
[Architectury Transformer DEBUG]  - /home/mcaraballo/Desktop/dev/projects/kindlingage/kindlingage-1.21.1/.gradle/loom-cache/remapped_mods/remapped/net/fabricmc/fabric-api/fabric-gametest-api-v1-b9d2d3ba/2.0.5+6fc22b9919/fabric-gametest-api-v1-b9d2d3ba-2.0.5+6fc22b9919.jar
[Architectury Transformer DEBUG]  - /home/mcaraballo/Desktop/dev/projects/kindlingage/kindlingage-1.21.1/.gradle/loom-cache/remapped_mods/remapped/net/fabricmc/fabric-api/fabric-item-api-v1-b9d2d3ba/11.2.0+3b3cb2e819/fabric-item-api-v1-b9d2d3ba-11.2.0+3b3cb2e819.jar
[Architectury Transformer DEBUG]  - /home/mcaraballo/Desktop/dev/projects/kindlingage/kindlingage-1.21.1/.gradle/loom-cache/remapped_mods/remapped/net/fabricmc/fabric-api/fabric-item-group-api-v1-b9d2d3ba/4.1.7+def88e3a19/fabric-item-group-api-v1-b9d2d3ba-4.1.7+def88e3a19.jar
[Architectury Transformer DEBUG]  - /home/mcaraballo/Desktop/dev/projects/kindlingage/kindlingage-1.21.1/.gradle/loom-cache/remapped_mods/remapped/net/fabricmc/fabric-api/fabric-lifecycle-events-v1-b9d2d3ba/2.6.0+0865547519/fabric-lifecycle-events-v1-b9d2d3ba-2.6.0+0865547519.jar
[Architectury Transformer DEBUG]  - /home/mcaraballo/Desktop/dev/projects/kindlingage/kindlingage-1.21.1/.gradle/loom-cache/remapped_mods/remapped/net/fabricmc/fabric-api/fabric-loot-api-v2-b9d2d3ba/3.0.15+3f89f5a519/fabric-loot-api-v2-b9d2d3ba-3.0.15+3f89f5a519.jar
[Architectury Transformer DEBUG]  - /home/mcaraballo/Desktop/dev/projects/kindlingage/kindlingage-1.21.1/.gradle/loom-cache/remapped_mods/remapped/net/fabricmc/fabric-api/fabric-loot-api-v3-b9d2d3ba/1.0.3+3f89f5a519/fabric-loot-api-v3-b9d2d3ba-1.0.3+3f89f5a519.jar
[Architectury Transformer DEBUG]  - /home/mcaraballo/Desktop/dev/projects/kindlingage/kindlingage-1.21.1/.gradle/loom-cache/remapped_mods/remapped/net/fabricmc/fabric-api/fabric-message-api-v1-b9d2d3ba/6.0.14+8aaf3aca19/fabric-message-api-v1-b9d2d3ba-6.0.14+8aaf3aca19.jar
[Architectury Transformer DEBUG]  - /home/mcaraballo/Desktop/dev/projects/kindlingage/kindlingage-1.21.1/.gradle/loom-cache/remapped_mods/remapped/net/fabricmc/fabric-api/fabric-model-loading-api-v1-b9d2d3ba/2.1.0+b4d813fc19/fabric-model-loading-api-v1-b9d2d3ba-2.1.0+b4d813fc19.jar
[Architectury Transformer DEBUG]  - /home/mcaraballo/Desktop/dev/projects/kindlingage/kindlingage-1.21.1/.gradle/loom-cache/remapped_mods/remapped/net/fabricmc/fabric-api/fabric-recipe-api-v1-b9d2d3ba/5.0.15+2475392c19/fabric-recipe-api-v1-b9d2d3ba-5.0.15+2475392c19.jar
[Architectury Transformer DEBUG]  - /home/mcaraballo/Desktop/dev/projects/kindlingage/kindlingage-1.21.1/.gradle/loom-cache/remapped_mods/remapped/net/fabricmc/fabric-api/fabric-screen-handler-api-v1-b9d2d3ba/1.3.90+b559734419/fabric-screen-handler-api-v1-b9d2d3ba-1.3.90+b559734419.jar
[Architectury Transformer DEBUG]  - /home/mcaraballo/Desktop/dev/projects/kindlingage/kindlingage-1.21.1/.gradle/loom-cache/remapped_mods/remapped/net/fabricmc/fabric-api/fabric-registry-sync-v0-b9d2d3ba/5.3.1+e3eddc2119/fabric-registry-sync-v0-b9d2d3ba-5.3.1+e3eddc2119.jar
[Architectury Transformer DEBUG]  - /home/mcaraballo/Desktop/dev/projects/kindlingage/kindlingage-1.21.1/.gradle/loom-cache/remapped_mods/remapped/net/fabricmc/fabric-api/fabric-networking-api-v1-b9d2d3ba/4.3.0+c7469b2119/fabric-networking-api-v1-b9d2d3ba-4.3.0+c7469b2119.jar
[Architectury Transformer DEBUG]  - /home/mcaraballo/Desktop/dev/projects/kindlingage/kindlingage-1.21.1/.gradle/loom-cache/remapped_mods/remapped/net/fabricmc/fabric-api/fabric-object-builder-api-v1-b9d2d3ba/15.2.1+40875a9319/fabric-object-builder-api-v1-b9d2d3ba-15.2.1+40875a9319.jar
[Architectury Transformer DEBUG]  - /home/mcaraballo/Desktop/dev/projects/kindlingage/kindlingage-1.21.1/.gradle/loom-cache/remapped_mods/remapped/net/fabricmc/fabric-api/fabric-particles-v1-b9d2d3ba/4.0.2+6573ed8c19/fabric-particles-v1-b9d2d3ba-4.0.2+6573ed8c19.jar
[Architectury Transformer DEBUG]  - /home/mcaraballo/Desktop/dev/projects/kindlingage/kindlingage-1.21.1/.gradle/loom-cache/remapped_mods/remapped/net/fabricmc/fabric-api/fabric-renderer-indigo-b9d2d3ba/1.7.1+c705a49c19/fabric-renderer-indigo-b9d2d3ba-1.7.1+c705a49c19.jar
[Architectury Transformer DEBUG]  - /home/mcaraballo/Desktop/dev/projects/kindlingage/kindlingage-1.21.1/.gradle/loom-cache/remapped_mods/remapped/net/fabricmc/fabric-api/fabric-renderer-api-v1-b9d2d3ba/3.4.1+b4d813fc19/fabric-renderer-api-v1-b9d2d3ba-3.4.1+b4d813fc19.jar
[Architectury Transformer DEBUG]  - /home/mcaraballo/Desktop/dev/projects/kindlingage/kindlingage-1.21.1/.gradle/loom-cache/remapped_mods/remapped/net/fabricmc/fabric-api/fabric-rendering-fluids-v1-b9d2d3ba/3.1.6+1daea21519/fabric-rendering-fluids-v1-b9d2d3ba-3.1.6+1daea21519.jar
[Architectury Transformer DEBUG]  - /home/mcaraballo/Desktop/dev/projects/kindlingage/kindlingage-1.21.1/.gradle/loom-cache/remapped_mods/remapped/net/fabricmc/fabric-api/fabric-renderer-registries-v1-b9d2d3ba/3.2.69+df3654b319/fabric-renderer-registries-v1-b9d2d3ba-3.2.69+df3654b319.jar
[Architectury Transformer DEBUG]  - /home/mcaraballo/Desktop/dev/projects/kindlingage/kindlingage-1.21.1/.gradle/loom-cache/remapped_mods/remapped/net/fabricmc/fabric-api/fabric-rendering-v0-b9d2d3ba/1.1.72+df3654b319/fabric-rendering-v0-b9d2d3ba-1.1.72+df3654b319.jar
[Architectury Transformer DEBUG]  - /home/mcaraballo/Desktop/dev/projects/kindlingage/kindlingage-1.21.1/.gradle/loom-cache/remapped_mods/remapped/net/fabricmc/fabric-api/fabric-rendering-v1-b9d2d3ba/5.1.0+ab4c25a019/fabric-rendering-v1-b9d2d3ba-5.1.0+ab4c25a019.jar
[Architectury Transformer DEBUG]  - /home/mcaraballo/Desktop/dev/projects/kindlingage/kindlingage-1.21.1/.gradle/loom-cache/remapped_mods/remapped/net/fabricmc/fabric-api/fabric-screen-api-v1-b9d2d3ba/2.0.25+8b68f1c719/fabric-screen-api-v1-b9d2d3ba-2.0.25+8b68f1c719.jar
[Architectury Transformer DEBUG]  - /home/mcaraballo/Desktop/dev/projects/kindlingage/kindlingage-1.21.1/.gradle/loom-cache/remapped_mods/remapped/net/fabricmc/fabric-api/fabric-api-base-b9d2d3ba/0.4.42+6573ed8c19/fabric-api-base-b9d2d3ba-0.4.42+6573ed8c19.jar
[Architectury Transformer DEBUG]  - /home/mcaraballo/Desktop/dev/projects/kindlingage/kindlingage-1.21.1/.gradle/loom-cache/remapped_mods/remapped/net/fabricmc/fabric-api/fabric-biome-api-v1-b9d2d3ba/13.0.31+d527f9fd19/fabric-biome-api-v1-b9d2d3ba-13.0.31+d527f9fd19.jar
[Architectury Transformer DEBUG]  - /home/mcaraballo/Desktop/dev/projects/kindlingage/kindlingage-1.21.1/.gradle/loom-cache/remapped_mods/remapped/net/fabricmc/fabric-api/fabric-block-api-v1-b9d2d3ba/1.1.0+0bc3503219/fabric-block-api-v1-b9d2d3ba-1.1.0+0bc3503219.jar
[Architectury Transformer DEBUG]  - /home/mcaraballo/Desktop/dev/projects/kindlingage/kindlingage-1.21.1/.gradle/loom-cache/remapped_mods/remapped/net/fabricmc/fabric-api/fabric-rendering-data-attachment-v1-b9d2d3ba/0.3.49+73761d2e19/fabric-rendering-data-attachment-v1-b9d2d3ba-0.3.49+73761d2e19.jar
[Architectury Transformer DEBUG]  - /home/mcaraballo/Desktop/dev/projects/kindlingage/kindlingage-1.21.1/.gradle/loom-cache/remapped_mods/remapped/net/fabricmc/fabric-api/fabric-block-view-api-v2-b9d2d3ba/1.0.11+ebb2264e19/fabric-block-view-api-v2-b9d2d3ba-1.0.11+ebb2264e19.jar
[Architectury Transformer DEBUG]  - /home/mcaraballo/Desktop/dev/projects/kindlingage/kindlingage-1.21.1/.gradle/loom-cache/remapped_mods/remapped/net/fabricmc/fabric-api/fabric-crash-report-info-v1-b9d2d3ba/0.2.29+0af3f5a719/fabric-crash-report-info-v1-b9d2d3ba-0.2.29+0af3f5a719.jar
[Architectury Transformer DEBUG]  - /home/mcaraballo/Desktop/dev/projects/kindlingage/kindlingage-1.21.1/.gradle/loom-cache/remapped_mods/remapped/net/fabricmc/fabric-api/fabric-dimensions-v1-b9d2d3ba/4.0.1+65213ef819/fabric-dimensions-v1-b9d2d3ba-4.0.1+65213ef819.jar
[Architectury Transformer DEBUG]  - /home/mcaraballo/Desktop/dev/projects/kindlingage/kindlingage-1.21.1/.gradle/loom-cache/remapped_mods/remapped/net/fabricmc/fabric-api/fabric-game-rule-api-v1-b9d2d3ba/1.0.53+6ced4dd919/fabric-game-rule-api-v1-b9d2d3ba-1.0.53+6ced4dd919.jar
[Architectury Transformer DEBUG]  - /home/mcaraballo/Desktop/dev/projects/kindlingage/kindlingage-1.21.1/.gradle/loom-cache/remapped_mods/remapped/net/fabricmc/fabric-api/fabric-keybindings-v0-b9d2d3ba/0.2.45+df3654b319/fabric-keybindings-v0-b9d2d3ba-0.2.45+df3654b319.jar
[Architectury Transformer DEBUG]  - /home/mcaraballo/Desktop/dev/projects/kindlingage/kindlingage-1.21.1/.gradle/loom-cache/remapped_mods/remapped/net/fabricmc/fabric-api/fabric-key-binding-api-v1-b9d2d3ba/1.0.47+0af3f5a719/fabric-key-binding-api-v1-b9d2d3ba-1.0.47+0af3f5a719.jar
[Architectury Transformer DEBUG]  - /home/mcaraballo/Desktop/dev/projects/kindlingage/kindlingage-1.21.1/.gradle/loom-cache/remapped_mods/remapped/net/fabricmc/fabric-api/fabric-resource-conditions-api-v1-b9d2d3ba/4.3.0+8dc279b119/fabric-resource-conditions-api-v1-b9d2d3ba-4.3.0+8dc279b119.jar
[Architectury Transformer DEBUG]  - /home/mcaraballo/Desktop/dev/projects/kindlingage/kindlingage-1.21.1/.gradle/loom-cache/remapped_mods/remapped/net/fabricmc/fabric-api/fabric-resource-loader-v0-b9d2d3ba/1.3.1+5b5275af19/fabric-resource-loader-v0-b9d2d3ba-1.3.1+5b5275af19.jar
[Architectury Transformer DEBUG]  - /home/mcaraballo/Desktop/dev/projects/kindlingage/kindlingage-1.21.1/.gradle/loom-cache/remapped_mods/remapped/net/fabricmc/fabric-api/fabric-sound-api-v1-b9d2d3ba/1.0.23+6573ed8c19/fabric-sound-api-v1-b9d2d3ba-1.0.23+6573ed8c19.jar
[Architectury Transformer DEBUG]  - /home/mcaraballo/Desktop/dev/projects/kindlingage/kindlingage-1.21.1/.gradle/loom-cache/remapped_mods/remapped/net/fabricmc/fabric-api/fabric-transitive-access-wideners-v1-b9d2d3ba/6.2.0+45b9699719/fabric-transitive-access-wideners-v1-b9d2d3ba-6.2.0+45b9699719.jar
[Architectury Transformer] Read classpath in 1.085 s
[Architectury Transformer DEBUG] Closed File Systems for /home/mcaraballo/Desktop/dev/projects/kindlingage/kindlingage-1.21.1/common/build/devlibs/kindlingage-common-1.0.0-dev.jar
[Architectury Transformer DEBUG] Transforming 5 transformer(s) from /home/mcaraballo/Desktop/dev/projects/kindlingage/kindlingage-1.21.1/common/build/devlibs/kindlingage-common-1.0.0-dev.jar to /tmp/12649494555710992015.jar: 
[Architectury Transformer DEBUG]  - dev.architectury.transformer.transformers.RuntimeMixinRefmapDetector@44a664f2
[Architectury Transformer DEBUG]  - dev.architectury.transformer.transformers.GenerateFakeFabricMod@7f9fcf7f
[Architectury Transformer DEBUG]  - dev.architectury.transformer.transformers.TransformExpectPlatform@2357d90a
[Architectury Transformer DEBUG]  - dev.architectury.transformer.transformers.RemapInjectables@6328d34a
[Architectury Transformer DEBUG]  - dev.architectury.transformer.transformers.TransformPlatformOnly@145eaa29
[Architectury Transformer DEBUG] Transforming from /home/mcaraballo/Desktop/dev/projects/kindlingage/kindlingage-1.21.1/common/build/devlibs/kindlingage-common-1.0.0-dev.jar to /tmp/12649494555710992015.jar with 5 transformer(s) on dev.architectury.transformer.handler.SimpleTransformerHandler
[Architectury Transformer DEBUG] Found class transformer
[Architectury Transformer DEBUG] Writing net/astralya/kindlingage/inventory/CrudeBagInventory with maxs=true frames=true
[Architectury Transformer DEBUG] Writing net/astralya/kindlingage/KindlingAgeCommonConfig with maxs=true frames=true
[Architectury Transformer DEBUG] Writing net/astralya/kindlingage/screen/CrudeBagMenu$BagSlot with maxs=true frames=true
[Architectury Transformer DEBUG] Writing net/astralya/kindlingage/screen/CrudeBagMenu with maxs=true frames=true
[Architectury Transformer DEBUG] Writing net/astralya/kindlingage/screen/ModMenuTypes with maxs=true frames=true
[Architectury Transformer DEBUG] Writing net/astralya/kindlingage/screen/WickerBasketMenu with maxs=true frames=true
[Architectury Transformer DEBUG] Writing net/astralya/kindlingage/KindlingAge with maxs=true frames=true
[Architectury Transformer DEBUG] Writing net/astralya/kindlingage/client/renderer/blockentity/ClayPotBlockEntityRenderer with maxs=true frames=true
[Architectury Transformer DEBUG] Writing net/astralya/kindlingage/client/renderer/blockentity/WickerBasketBlockEntityRenderer with maxs=true frames=true
[Architectury Transformer DEBUG] Writing net/astralya/kindlingage/client/renderer/entity/ThrownSpearRenderer with maxs=true frames=true
[Architectury Transformer DEBUG] Writing net/astralya/kindlingage/client/screen/CrudeBagScreen with maxs=true frames=true
[Architectury Transformer DEBUG] Writing net/astralya/kindlingage/client/screen/WickerBasketScreen with maxs=true frames=true
[Architectury Transformer DEBUG] Writing net/astralya/kindlingage/KindlingAgeCommonConfig$Values with maxs=true frames=true
[Architectury Transformer DEBUG] Writing net/astralya/kindlingage/util/ModTags$EntityTypes with maxs=true frames=true
[Architectury Transformer DEBUG] Writing net/astralya/kindlingage/util/SunlightCheck with maxs=true frames=true
[Architectury Transformer DEBUG] Writing net/astralya/kindlingage/util/ModTags with maxs=true frames=true
[Architectury Transformer DEBUG] Writing net/astralya/kindlingage/util/ModTags$Blocks with maxs=true frames=true
[Architectury Transformer DEBUG] Writing net/astralya/kindlingage/entity/projectile/ThrownSpearEntity with maxs=true frames=true
[Architectury Transformer DEBUG] Writing net/astralya/kindlingage/entity/ModEntityTypes with maxs=true frames=true
[Architectury Transformer DEBUG] Writing net/astralya/kindlingage/block/entity/ModBlockEntityTypes with maxs=true frames=true
[Architectury Transformer DEBUG] Writing net/astralya/kindlingage/block/entity/custom/WickerBasketBlockEntity with maxs=true frames=true
[Architectury Transformer DEBUG] Writing net/astralya/kindlingage/block/entity/custom/ClayPotBlockEntity with maxs=true frames=true
[Architectury Transformer DEBUG] Writing net/astralya/kindlingage/block/entity/custom/WickerBasketBlockEntity$1 with maxs=true frames=true
[Architectury Transformer DEBUG] Writing net/astralya/kindlingage/block/ModBlocks with maxs=true frames=true
[Architectury Transformer DEBUG] Writing net/astralya/kindlingage/block/custom/WickerBasketBlock with maxs=true frames=true
[Architectury Transformer DEBUG] Writing net/astralya/kindlingage/block/custom/WetClayPotBlock with maxs=true frames=true
[Architectury Transformer DEBUG] Writing net/astralya/kindlingage/block/custom/ClayPotBlock with maxs=true frames=true
[Architectury Transformer DEBUG] Writing net/astralya/kindlingage/block/custom/ReedMatBlock with maxs=true frames=true
[Architectury Transformer DEBUG] Writing net/astralya/kindlingage/item/ModItems with maxs=true frames=true
[Architectury Transformer DEBUG] Writing net/astralya/kindlingage/item/ModCreativeModeTabs with maxs=true frames=true
[Architectury Transformer DEBUG] Writing net/astralya/kindlingage/item/ModToolTiers with maxs=true frames=true
[Architectury Transformer DEBUG] Writing net/astralya/kindlingage/item/custom/HuntingSpearItem with maxs=true frames=true
[Architectury Transformer DEBUG] Writing net/astralya/kindlingage/item/custom/FlintKnifeItem with maxs=true frames=true
[Architectury Transformer DEBUG] Writing net/astralya/kindlingage/item/custom/CrudeBagItem with maxs=true frames=true
[Architectury Transformer DEBUG] Writing net/astralya/kindlingage/item/custom/ReedScoopItem with maxs=true frames=true
[Architectury Transformer DEBUG] Writing net/astralya/kindlingage/item/custom/FlintHatchetItem with maxs=true frames=true
[Architectury Transformer DEBUG] Writing net/astralya/kindlingage/item/ModToolTiers$1 with maxs=true frames=true
[Architectury Transformer DEBUG] Writing net/astralya/kindlingage/KindlingAgeConfig with maxs=true frames=true
[Architectury Transformer DEBUG] Checking whether /kindlingage.mixins.json is a mixin config.
[Architectury Transformer DEBUG] Closed File Systems for /tmp/12649494555710992015.jar
[Architectury Transformer] Listening at /home/mcaraballo/Desktop/dev/projects/kindlingage/kindlingage-1.21.1/common/build/devlibs/kindlingage-common-1.0.0-dev.jar
[Architectury Transformer DEBUG] Temporary jar [/tmp/12649494555710992015.jar] contains packages: net.astralya.kindlingage.block.entity, net.astralya.kindlingage.client.screen, net.astralya.kindlingage.client.renderer.blockentity, net.astralya.kindlingage.block, net.astralya.kindlingage.block.custom, net.astralya.kindlingage.entity, net.astralya.kindlingage.screen, net.astralya.kindlingage.entity.projectile, net.astralya.kindlingage.inventory, net.astralya.kindlingage.util, net.astralya.kindlingage.client.renderer.entity, net.astralya.kindlingage, net.astralya.kindlingage.item, net.astralya.kindlingage.item.custom, net.astralya.kindlingage.block.entity.custom
[Architectury Transformer DEBUG] Closed File Systems for /home/mcaraballo/Desktop/dev/projects/kindlingage/kindlingage-1.21.1/common/build/devlibs/kindlingage-common-1.0.0-dev.jar
[Architectury Transformer DEBUG] Classpath entry [/home/mcaraballo/Desktop/dev/projects/kindlingage/kindlingage-1.21.1/fabric/build/classes/java/main] contains packages: net.astralya.kindlingage.fabric, net.astralya.kindlingage.fabric.client.renderer.blockentity
[Architectury Transformer DEBUG] Classpath entry [/home/mcaraballo/Desktop/dev/projects/kindlingage/kindlingage-1.21.1/fabric/build/resources/main] contains packages: 
[Architectury Transformer DEBUG] Transforming from net/astralya/kindlingage/KindlingAgeCommonConfig.class to net/astralya/kindlingage/KindlingAgeCommonConfig.class with 5 transformer(s) on dev.architectury.transformer.handler.TinyRemapperPreparedTransformerHandler
[Architectury Transformer DEBUG] Found class transformer
[Architectury Transformer DEBUG] Writing net/astralya/kindlingage/KindlingAgeCommonConfig with maxs=true frames=true
[Architectury Transformer DEBUG] Transformed net/astralya/kindlingage/KindlingAgeCommonConfig in 989.5 μs
[Architectury Transformer DEBUG] Transforming from net/astralya/kindlingage/KindlingAgeCommonConfig$Values.class to net/astralya/kindlingage/KindlingAgeCommonConfig$Values.class with 5 transformer(s) on dev.architectury.transformer.handler.TinyRemapperPreparedTransformerHandler
[Architectury Transformer DEBUG] Found class transformer
[Architectury Transformer DEBUG] Writing net/astralya/kindlingage/KindlingAgeCommonConfig$Values with maxs=true frames=true
[Architectury Transformer DEBUG] Transformed net/astralya/kindlingage/KindlingAgeCommonConfig$Values in 594.4 μs
[Architectury Transformer DEBUG] Transforming from net/astralya/kindlingage/KindlingAgeConfig.class to net/astralya/kindlingage/KindlingAgeConfig.class with 5 transformer(s) on dev.architectury.transformer.handler.TinyRemapperPreparedTransformerHandler
[Architectury Transformer DEBUG] Found class transformer
[Architectury Transformer DEBUG] Writing net/astralya/kindlingage/KindlingAgeConfig with maxs=true frames=true
[Architectury Transformer DEBUG] Transformed net/astralya/kindlingage/KindlingAgeConfig in 260.9 μs
[Architectury Transformer DEBUG] Transforming from net/astralya/kindlingage/item/custom/HuntingSpearItem.class to net/astralya/kindlingage/item/custom/HuntingSpearItem.class with 5 transformer(s) on dev.architectury.transformer.handler.TinyRemapperPreparedTransformerHandler
[Architectury Transformer DEBUG] Found class transformer
[Architectury Transformer DEBUG] Writing net/astralya/kindlingage/item/custom/HuntingSpearItem with maxs=true frames=true
[Architectury Transformer DEBUG] Transformed net/astralya/kindlingage/item/custom/HuntingSpearItem in 788.6 μs
[Architectury Transformer DEBUG] Transforming from net/astralya/kindlingage/entity/projectile/ThrownSpearEntity.class to net/astralya/kindlingage/entity/projectile/ThrownSpearEntity.class with 5 transformer(s) on dev.architectury.transformer.handler.TinyRemapperPreparedTransformerHandler
[Architectury Transformer DEBUG] Found class transformer
[Architectury Transformer DEBUG] Writing net/astralya/kindlingage/entity/projectile/ThrownSpearEntity with maxs=true frames=true
[Architectury Transformer DEBUG] Transformed net/astralya/kindlingage/entity/projectile/ThrownSpearEntity in 1.010 ms
[Architectury Transformer DEBUG] Transforming from net/astralya/kindlingage/block/entity/custom/ClayPotBlockEntity.class to net/astralya/kindlingage/block/entity/custom/ClayPotBlockEntity.class with 5 transformer(s) on dev.architectury.transformer.handler.TinyRemapperPreparedTransformerHandler
[Architectury Transformer DEBUG] Found class transformer
[Architectury Transformer DEBUG] Writing net/astralya/kindlingage/block/entity/custom/ClayPotBlockEntity with maxs=true frames=true
[Architectury Transformer DEBUG] Transformed net/astralya/kindlingage/block/entity/custom/ClayPotBlockEntity in 809.5 μs
[Architectury Transformer DEBUG] Transforming from net/astralya/kindlingage/KindlingAge.class to net/astralya/kindlingage/KindlingAge.class with 5 transformer(s) on dev.architectury.transformer.handler.TinyRemapperPreparedTransformerHandler
[Architectury Transformer DEBUG] Found class transformer
[Architectury Transformer DEBUG] Writing net/astralya/kindlingage/KindlingAge with maxs=true frames=true
[Architectury Transformer DEBUG] Transformed net/astralya/kindlingage/KindlingAge in 293.3 μs
[Architectury Transformer DEBUG] Transforming from net/astralya/kindlingage/block/ModBlocks.class to net/astralya/kindlingage/block/ModBlocks.class with 5 transformer(s) on dev.architectury.transformer.handler.TinyRemapperPreparedTransformerHandler
[Architectury Transformer DEBUG] Found class transformer
[Architectury Transformer DEBUG] Writing net/astralya/kindlingage/block/ModBlocks with maxs=true frames=true
[Architectury Transformer DEBUG] Transformed net/astralya/kindlingage/block/ModBlocks in 479.6 μs
[Architectury Transformer DEBUG] Transforming from net/astralya/kindlingage/block/custom/ReedMatBlock.class to net/astralya/kindlingage/block/custom/ReedMatBlock.class with 5 transformer(s) on dev.architectury.transformer.handler.TinyRemapperPreparedTransformerHandler
[Architectury Transformer DEBUG] Found class transformer
[Architectury Transformer DEBUG] Writing net/astralya/kindlingage/block/custom/ReedMatBlock with maxs=true frames=true
[Architectury Transformer DEBUG] Transformed net/astralya/kindlingage/block/custom/ReedMatBlock in 793.4 μs
[Architectury Transformer DEBUG] Transforming from net/astralya/kindlingage/block/custom/WetClayPotBlock.class to net/astralya/kindlingage/block/custom/WetClayPotBlock.class with 5 transformer(s) on dev.architectury.transformer.handler.TinyRemapperPreparedTransformerHandler
[Architectury Transformer DEBUG] Found class transformer
[Architectury Transformer DEBUG] Writing net/astralya/kindlingage/block/custom/WetClayPotBlock with maxs=true frames=true
[Architectury Transformer DEBUG] Transformed net/astralya/kindlingage/block/custom/WetClayPotBlock in 571.3 μs
[Architectury Transformer DEBUG] Transforming from net/astralya/kindlingage/block/custom/ClayPotBlock.class to net/astralya/kindlingage/block/custom/ClayPotBlock.class with 5 transformer(s) on dev.architectury.transformer.handler.TinyRemapperPreparedTransformerHandler
[Architectury Transformer DEBUG] Found class transformer
[Architectury Transformer DEBUG] Writing net/astralya/kindlingage/block/custom/ClayPotBlock with maxs=true frames=true
[Architectury Transformer DEBUG] Transformed net/astralya/kindlingage/block/custom/ClayPotBlock in 645.6 μs
[Architectury Transformer DEBUG] Transforming from net/astralya/kindlingage/block/custom/WickerBasketBlock.class to net/astralya/kindlingage/block/custom/WickerBasketBlock.class with 5 transformer(s) on dev.architectury.transformer.handler.TinyRemapperPreparedTransformerHandler
[Architectury Transformer DEBUG] Found class transformer
[Architectury Transformer DEBUG] Writing net/astralya/kindlingage/block/custom/WickerBasketBlock with maxs=true frames=true
[Architectury Transformer DEBUG] Transformed net/astralya/kindlingage/block/custom/WickerBasketBlock in 669.3 μs
[Architectury Transformer DEBUG] Transforming from net/astralya/kindlingage/block/entity/custom/WickerBasketBlockEntity.class to net/astralya/kindlingage/block/entity/custom/WickerBasketBlockEntity.class with 5 transformer(s) on dev.architectury.transformer.handler.TinyRemapperPreparedTransformerHandler
[Architectury Transformer DEBUG] Found class transformer
[Architectury Transformer DEBUG] Writing net/astralya/kindlingage/block/entity/custom/WickerBasketBlockEntity with maxs=true frames=true
[Architectury Transformer DEBUG] Transformed net/astralya/kindlingage/block/entity/custom/WickerBasketBlockEntity in 1.019 ms
[Architectury Transformer DEBUG] Transforming from net/astralya/kindlingage/item/ModItems.class to net/astralya/kindlingage/item/ModItems.class with 5 transformer(s) on dev.architectury.transformer.handler.TinyRemapperPreparedTransformerHandler
[Architectury Transformer DEBUG] Found class transformer
[Architectury Transformer DEBUG] Writing net/astralya/kindlingage/item/ModItems with maxs=true frames=true
[Architectury Transformer DEBUG] Transformed net/astralya/kindlingage/item/ModItems in 866.9 μs
[Architectury Transformer DEBUG] Transforming from net/astralya/kindlingage/item/custom/FlintKnifeItem.class to net/astralya/kindlingage/item/custom/FlintKnifeItem.class with 5 transformer(s) on dev.architectury.transformer.handler.TinyRemapperPreparedTransformerHandler
[Architectury Transformer DEBUG] Found class transformer
[Architectury Transformer DEBUG] Writing net/astralya/kindlingage/item/custom/FlintKnifeItem with maxs=true frames=true
[Architectury Transformer DEBUG] Transformed net/astralya/kindlingage/item/custom/FlintKnifeItem in 577.3 μs
[Architectury Transformer DEBUG] Transforming from net/astralya/kindlingage/item/custom/FlintHatchetItem.class to net/astralya/kindlingage/item/custom/FlintHatchetItem.class with 5 transformer(s) on dev.architectury.transformer.handler.TinyRemapperPreparedTransformerHandler
[Architectury Transformer DEBUG] Found class transformer
[Architectury Transformer DEBUG] Writing net/astralya/kindlingage/item/custom/FlintHatchetItem with maxs=true frames=true
[Architectury Transformer DEBUG] Transformed net/astralya/kindlingage/item/custom/FlintHatchetItem in 214.2 μs
[Architectury Transformer DEBUG] Transforming from net/astralya/kindlingage/item/custom/ReedScoopItem.class to net/astralya/kindlingage/item/custom/ReedScoopItem.class with 5 transformer(s) on dev.architectury.transformer.handler.TinyRemapperPreparedTransformerHandler
[Architectury Transformer DEBUG] Found class transformer
[Architectury Transformer DEBUG] Writing net/astralya/kindlingage/item/custom/ReedScoopItem with maxs=true frames=true
[Architectury Transformer DEBUG] Transformed net/astralya/kindlingage/item/custom/ReedScoopItem in 878.7 μs
[Architectury Transformer DEBUG] Transforming from net/astralya/kindlingage/item/custom/CrudeBagItem.class to net/astralya/kindlingage/item/custom/CrudeBagItem.class with 5 transformer(s) on dev.architectury.transformer.handler.TinyRemapperPreparedTransformerHandler
[Architectury Transformer DEBUG] Found class transformer
[Architectury Transformer DEBUG] Writing net/astralya/kindlingage/item/custom/CrudeBagItem with maxs=true frames=true
[Architectury Transformer DEBUG] Transformed net/astralya/kindlingage/item/custom/CrudeBagItem in 395.7 μs
[Architectury Transformer DEBUG] Transforming from net/astralya/kindlingage/item/ModCreativeModeTabs.class to net/astralya/kindlingage/item/ModCreativeModeTabs.class with 5 transformer(s) on dev.architectury.transformer.handler.TinyRemapperPreparedTransformerHandler
[Architectury Transformer DEBUG] Found class transformer
[Architectury Transformer DEBUG] Writing net/astralya/kindlingage/item/ModCreativeModeTabs with maxs=true frames=true
[Architectury Transformer DEBUG] Transformed net/astralya/kindlingage/item/ModCreativeModeTabs in 373.6 μs
[Architectury Transformer DEBUG] Transforming from net/astralya/kindlingage/item/ModToolTiers.class to net/astralya/kindlingage/item/ModToolTiers.class with 5 transformer(s) on dev.architectury.transformer.handler.TinyRemapperPreparedTransformerHandler
[Architectury Transformer DEBUG] Found class transformer
[Architectury Transformer DEBUG] Writing net/astralya/kindlingage/item/ModToolTiers with maxs=true frames=true
[Architectury Transformer DEBUG] Transformed net/astralya/kindlingage/item/ModToolTiers in 394.6 μs
[Architectury Transformer DEBUG] Transforming from net/astralya/kindlingage/item/ModToolTiers$1.class to net/astralya/kindlingage/item/ModToolTiers$1.class with 5 transformer(s) on dev.architectury.transformer.handler.TinyRemapperPreparedTransformerHandler
[Architectury Transformer DEBUG] Found class transformer
[Architectury Transformer DEBUG] Writing net/astralya/kindlingage/item/ModToolTiers$1 with maxs=true frames=true
[Architectury Transformer DEBUG] Transformed net/astralya/kindlingage/item/ModToolTiers$1 in 319.5 μs
[Architectury Transformer DEBUG] Transforming from net/astralya/kindlingage/screen/CrudeBagMenu.class to net/astralya/kindlingage/screen/CrudeBagMenu.class with 5 transformer(s) on dev.architectury.transformer.handler.TinyRemapperPreparedTransformerHandler
[Architectury Transformer DEBUG] Found class transformer
[Architectury Transformer DEBUG] Writing net/astralya/kindlingage/screen/CrudeBagMenu with maxs=true frames=true
[Architectury Transformer DEBUG] Transformed net/astralya/kindlingage/screen/CrudeBagMenu in 777.2 μs
[Architectury Transformer DEBUG] Transforming from net/astralya/kindlingage/entity/ModEntityTypes.class to net/astralya/kindlingage/entity/ModEntityTypes.class with 5 transformer(s) on dev.architectury.transformer.handler.TinyRemapperPreparedTransformerHandler
[Architectury Transformer DEBUG] Found class transformer
[Architectury Transformer DEBUG] Writing net/astralya/kindlingage/entity/ModEntityTypes with maxs=true frames=true
[Architectury Transformer DEBUG] Transformed net/astralya/kindlingage/entity/ModEntityTypes in 381.3 μs
[Architectury Transformer DEBUG] Transforming from net/astralya/kindlingage/block/entity/ModBlockEntityTypes.class to net/astralya/kindlingage/block/entity/ModBlockEntityTypes.class with 5 transformer(s) on dev.architectury.transformer.handler.TinyRemapperPreparedTransformerHandler
[Architectury Transformer DEBUG] Found class transformer
[Architectury Transformer DEBUG] Writing net/astralya/kindlingage/block/entity/ModBlockEntityTypes with maxs=true frames=true
[Architectury Transformer DEBUG] Transformed net/astralya/kindlingage/block/entity/ModBlockEntityTypes in 430.1 μs
[Architectury Transformer DEBUG] Transforming from net/astralya/kindlingage/block/entity/custom/WickerBasketBlockEntity$1.class to net/astralya/kindlingage/block/entity/custom/WickerBasketBlockEntity$1.class with 5 transformer(s) on dev.architectury.transformer.handler.TinyRemapperPreparedTransformerHandler
[Architectury Transformer DEBUG] Found class transformer
[Architectury Transformer DEBUG] Writing net/astralya/kindlingage/block/entity/custom/WickerBasketBlockEntity$1 with maxs=true frames=true
[Architectury Transformer DEBUG] Transformed net/astralya/kindlingage/block/entity/custom/WickerBasketBlockEntity$1 in 373.7 μs
[Architectury Transformer DEBUG] Transforming from net/astralya/kindlingage/screen/WickerBasketMenu.class to net/astralya/kindlingage/screen/WickerBasketMenu.class with 5 transformer(s) on dev.architectury.transformer.handler.TinyRemapperPreparedTransformerHandler
[Architectury Transformer DEBUG] Found class transformer
[Architectury Transformer DEBUG] Writing net/astralya/kindlingage/screen/WickerBasketMenu with maxs=true frames=true
[Architectury Transformer DEBUG] Transformed net/astralya/kindlingage/screen/WickerBasketMenu in 368.7 μs
[Architectury Transformer DEBUG] Transforming from net/astralya/kindlingage/screen/ModMenuTypes.class to net/astralya/kindlingage/screen/ModMenuTypes.class with 5 transformer(s) on dev.architectury.transformer.handler.TinyRemapperPreparedTransformerHandler
[Architectury Transformer DEBUG] Found class transformer
[Architectury Transformer DEBUG] Writing net/astralya/kindlingage/screen/ModMenuTypes with maxs=true frames=true
[Architectury Transformer DEBUG] Transformed net/astralya/kindlingage/screen/ModMenuTypes in 283.4 μs
[Architectury Transformer DEBUG] Transforming from net/astralya/kindlingage/screen/CrudeBagMenu$BagSlot.class to net/astralya/kindlingage/screen/CrudeBagMenu$BagSlot.class with 5 transformer(s) on dev.architectury.transformer.handler.TinyRemapperPreparedTransformerHandler
[Architectury Transformer DEBUG] Found class transformer
[Architectury Transformer DEBUG] Writing net/astralya/kindlingage/screen/CrudeBagMenu$BagSlot with maxs=true frames=true
[Architectury Transformer DEBUG] Transformed net/astralya/kindlingage/screen/CrudeBagMenu$BagSlot in 242.6 μs
[Architectury Transformer DEBUG] Transforming from net/astralya/kindlingage/client/renderer/entity/ThrownSpearRenderer.class to net/astralya/kindlingage/client/renderer/entity/ThrownSpearRenderer.class with 5 transformer(s) on dev.architectury.transformer.handler.TinyRemapperPreparedTransformerHandler
[Architectury Transformer DEBUG] Found class transformer
[Architectury Transformer DEBUG] Writing net/astralya/kindlingage/client/renderer/entity/ThrownSpearRenderer with maxs=true frames=true
[Architectury Transformer DEBUG] Transformed net/astralya/kindlingage/client/renderer/entity/ThrownSpearRenderer in 389.2 μs
[Architectury Transformer DEBUG] Transforming from net/astralya/kindlingage/client/renderer/blockentity/ClayPotBlockEntityRenderer.class to net/astralya/kindlingage/client/renderer/blockentity/ClayPotBlockEntityRenderer.class with 5 transformer(s) on dev.architectury.transformer.handler.TinyRemapperPreparedTransformerHandler
[Architectury Transformer DEBUG] Found class transformer
[Architectury Transformer DEBUG] Writing net/astralya/kindlingage/client/renderer/blockentity/ClayPotBlockEntityRenderer with maxs=true frames=true
[Architectury Transformer DEBUG] Transformed net/astralya/kindlingage/client/renderer/blockentity/ClayPotBlockEntityRenderer in 454.2 μs
[Architectury Transformer DEBUG] Transforming from net/astralya/kindlingage/client/screen/WickerBasketScreen.class to net/astralya/kindlingage/client/screen/WickerBasketScreen.class with 5 transformer(s) on dev.architectury.transformer.handler.TinyRemapperPreparedTransformerHandler
[Architectury Transformer DEBUG] Found class transformer
[Architectury Transformer DEBUG] Writing net/astralya/kindlingage/client/screen/WickerBasketScreen with maxs=true frames=true
[Architectury Transformer DEBUG] Transformed net/astralya/kindlingage/client/screen/WickerBasketScreen in 310.1 μs
[Architectury Transformer DEBUG] Transforming from net/astralya/kindlingage/client/screen/CrudeBagScreen.class to net/astralya/kindlingage/client/screen/CrudeBagScreen.class with 5 transformer(s) on dev.architectury.transformer.handler.TinyRemapperPreparedTransformerHandler
[Architectury Transformer DEBUG] Found class transformer
[Architectury Transformer DEBUG] Writing net/astralya/kindlingage/client/screen/CrudeBagScreen with maxs=true frames=true
[Architectury Transformer DEBUG] Transformed net/astralya/kindlingage/client/screen/CrudeBagScreen in 277.3 μs
[Architectury Transformer DEBUG] Transforming from net/astralya/kindlingage/util/SunlightCheck.class to net/astralya/kindlingage/util/SunlightCheck.class with 5 transformer(s) on dev.architectury.transformer.handler.TinyRemapperPreparedTransformerHandler
[Architectury Transformer DEBUG] Found class transformer
[Architectury Transformer DEBUG] Writing net/astralya/kindlingage/util/SunlightCheck with maxs=true frames=true
[Architectury Transformer DEBUG] Transformed net/astralya/kindlingage/util/SunlightCheck in 651.3 μs
